// Jest Snapshot v1, https://goo.gl/fbAQLP

exports[`should render FilterBarItem correctly 1`] = `
<styled.div>
  <label
    htmlFor="genre"
  >
    genre
  </label>
  <input
    checked={false}
    onChange={[Function]}
    type="radio"
    value="genre"
  />
</styled.div>
`;
