// Jest Snapshot v1, https://goo.gl/fbAQLP

exports[`should render home correctly 1`] = `
<ContextProvider
  value={null}
>
  <Home
    addMovie={[Function]}
    moviesToDisplay={Array []}
    setFilters={[Function]}
    store={
      Object {
        "clearActions": [Function],
        "dispatch": [Function],
        "getActions": [Function],
        "getState": [Function],
        "replaceReducer": [Function],
        "subscribe": [Function],
      }
    }
  />
</ContextProvider>
`;
