// Jest Snapshot v1, https://goo.gl/fbAQLP

exports[`should render MovieItem correctly 1`] = `
<MovieItem
  setToWatched={[Function]}
  store={
    Object {
      "clearActions": [Function],
      "dispatch": [Function],
      "getActions": [Function],
      "getState": [Function],
      "replaceReducer": [Function],
      "subscribe": [Function],
    }
  }
/>
`;
