// Jest Snapshot v1, https://goo.gl/fbAQLP

exports[`should render navbar correctly 1`] = `
<styled.nav>
  <Link
    to="/"
  >
    The Power MBA
  </Link>
</styled.nav>
`;
